[INFO] Scanning for projects...
[INFO] ------------------------------------------------------------------------
[INFO] Reactor Build Order:
[INFO] 
[INFO] songlistcreator-parent                                             [pom]
[INFO] songlistcreator-core                                               [jar]
[INFO] songlistcreator-appengine                                          [jar]
[INFO] 
[INFO] -------------< com.songlistcreator:songlistcreator-parent >-------------
[INFO] Building songlistcreator-parent 0.0.1-SNAPSHOT                     [1/3]
[INFO] --------------------------------[ pom ]---------------------------------
[INFO] 
[INFO] --- maven-clean-plugin:2.5:clean (default-clean) @ songlistcreator-parent ---
[INFO] 
[INFO] --- maven-install-plugin:2.4:install (default-install) @ songlistcreator-parent ---
[INFO] Installing C:\Projects\Music\songlistcreator-ai\pom.xml to C:\Users\basil\.m2\repository\com\songlistcreator\songlistcreator-parent\0.0.1-SNAPSHOT\songlistcreator-parent-0.0.1-SNAPSHOT.pom
[INFO] 
[INFO] --------------< com.songlistcreator:songlistcreator-core >--------------
[INFO] Building songlistcreator-core 0.0.1-SNAPSHOT                       [2/3]
[INFO] --------------------------------[ jar ]---------------------------------
[INFO] 
[INFO] --- maven-clean-plugin:2.5:clean (default-clean) @ songlistcreator-core ---
[INFO] Deleting C:\Projects\Music\songlistcreator-ai\songlistcreator-core\target
[INFO] 
[INFO] --- maven-resources-plugin:2.6:resources (default-resources) @ songlistcreator-core ---
[WARNING] Using platform encoding (Cp1252 actually) to copy filtered resources, i.e. build is platform dependent!
[INFO] skip non existing resourceDirectory C:\Projects\Music\songlistcreator-ai\songlistcreator-core\src\main\resources
[INFO] 
[INFO] --- maven-compiler-plugin:3.1:compile (default-compile) @ songlistcreator-core ---
[INFO] Changes detected - recompiling the module!
[WARNING] File encoding has not been set, using platform encoding Cp1252, i.e. build is platform dependent!
[INFO] Compiling 7 source files to C:\Projects\Music\songlistcreator-ai\songlistcreator-core\target\classes
[INFO] 
[INFO] --- maven-resources-plugin:2.6:testResources (default-testResources) @ songlistcreator-core ---
[WARNING] Using platform encoding (Cp1252 actually) to copy filtered resources, i.e. build is platform dependent!
[INFO] skip non existing resourceDirectory C:\Projects\Music\songlistcreator-ai\songlistcreator-core\src\test\resources
[INFO] 
[INFO] --- maven-compiler-plugin:3.1:testCompile (default-testCompile) @ songlistcreator-core ---
[INFO] Changes detected - recompiling the module!
[WARNING] File encoding has not been set, using platform encoding Cp1252, i.e. build is platform dependent!
[INFO] Compiling 1 source file to C:\Projects\Music\songlistcreator-ai\songlistcreator-core\target\test-classes
[INFO] -------------------------------------------------------------
[ERROR] COMPILATION ERROR : 
[INFO] -------------------------------------------------------------
[ERROR] /C:/Projects/Music/songlistcreator-ai/songlistcreator-core/src/test/java/com/songlistcreator/core/logic/TransposerTest.java:[8,13] cannot find symbol
  symbol:   class Transposer
  location: class com.songlistcreator.core.logic.TransposerTest
[INFO] 1 error
[INFO] -------------------------------------------------------------
[INFO] ------------------------------------------------------------------------
[INFO] Reactor Summary for songlistcreator-parent 0.0.1-SNAPSHOT:
[INFO] 
[INFO] songlistcreator-parent ............................. SUCCESS [  0.382 s]
[INFO] songlistcreator-core ............................... FAILURE [  2.723 s]
[INFO] songlistcreator-appengine .......................... SKIPPED
[INFO] ------------------------------------------------------------------------
[INFO] BUILD FAILURE
[INFO] ------------------------------------------------------------------------
[INFO] Total time:  3.611 s
[INFO] Finished at: 2025-12-19T19:44:43Z
[INFO] ------------------------------------------------------------------------
[ERROR] Failed to execute goal org.apache.maven.plugins:maven-compiler-plugin:3.1:testCompile (default-testCompile) on project songlistcreator-core: Compilation failure
[ERROR] /C:/Projects/Music/songlistcreator-ai/songlistcreator-core/src/test/java/com/songlistcreator/core/logic/TransposerTest.java:[8,13] cannot find symbol
[ERROR]   symbol:   class Transposer
[ERROR]   location: class com.songlistcreator.core.logic.TransposerTest
[ERROR] 
[ERROR] -> [Help 1]
[ERROR] 
[ERROR] To see the full stack trace of the errors, re-run Maven with the -e switch.
[ERROR] Re-run Maven using the -X switch to enable full debug logging.
[ERROR] 
[ERROR] For more information about the errors and possible solutions, please read the following articles:
[ERROR] [Help 1] http://cwiki.apache.org/confluence/display/MAVEN/MojoFailureException
[ERROR] 
[ERROR] After correcting the problems, you can resume the build with the command
[ERROR]   mvn <args> -rf :songlistcreator-core
